MPLINK 5.09, LINKER
Linker Map File - Created Tue Apr 04 16:55:45 2023

                                 Section Info
                  Section       Type    Address   Location Size(Bytes)
                ---------  ---------  ---------  ---------  ---------
                   .org_0       code   0x000000    program   0x000004
                   .cinit    romdata   0x000004    program   0x000002
                   .org_1       code   0x000008    program   0x000004
                   .org_2       code   0x000018    program   0x000002
                   .org_3       code   0x000020    program   0x0005ee
.config_300001_BUILD/DEFAULT/PRODUCTION/NEWPIC_    romdata   0x300001    program   0x000001
.config_300003_BUILD/DEFAULT/PRODUCTION/NEWPIC_    romdata   0x300003    program   0x000001
.config_300005_BUILD/DEFAULT/PRODUCTION/NEWPIC_    romdata   0x300005    program   0x000001
.config_300006_BUILD/DEFAULT/PRODUCTION/NEWPIC_    romdata   0x300006    program   0x000001



                              Program Memory Usage 
                               Start         End      
                           ---------   ---------      
                            0x000000    0x000005      
                            0x000008    0x00000b      
                            0x000018    0x000019      
                            0x000020    0x00060d      
                            0x300001    0x300001      
                            0x300003    0x300003      
                            0x300005    0x300006      
            1534 out of 8472 program addresses used, program memory utilization is 18%



                              Symbols - Sorted by Name
                     Name    Address   Location    Storage File                     
                ---------  ---------  ---------  --------- ---------                
             ADC_DIRECCIO   0x00050a    program     static C:\Users\oscar\OneDrive - La Salle\SALLE\22-23\SDM\Practica\MPLAB_Project\Proves.X\newpic_8b_general.asm
            ADC_VELOCITAT   0x000524    program     static C:\Users\oscar\OneDrive - La Salle\SALLE\22-23\SDM\Practica\MPLAB_Project\Proves.X\newpic_8b_general.asm
              CENTRE_FUNC   0x000422    program     static C:\Users\oscar\OneDrive - La Salle\SALLE\22-23\SDM\Practica\MPLAB_Project\Proves.X\newpic_8b_general.asm
             CHECK_RECORD   0x000292    program     static C:\Users\oscar\OneDrive - La Salle\SALLE\22-23\SDM\Practica\MPLAB_Project\Proves.X\newpic_8b_general.asm
              CLEAR_MINUT   0x0002f2    program     static C:\Users\oscar\OneDrive - La Salle\SALLE\22-23\SDM\Practica\MPLAB_Project\Proves.X\newpic_8b_general.asm
             CLEAR_MINUT2   0x0002f8    program     static C:\Users\oscar\OneDrive - La Salle\SALLE\22-23\SDM\Practica\MPLAB_Project\Proves.X\newpic_8b_general.asm
                    DIR_0   0x000434    program     static C:\Users\oscar\OneDrive - La Salle\SALLE\22-23\SDM\Practica\MPLAB_Project\Proves.X\newpic_8b_general.asm
                    DIR_1   0x000444    program     static C:\Users\oscar\OneDrive - La Salle\SALLE\22-23\SDM\Practica\MPLAB_Project\Proves.X\newpic_8b_general.asm
                    DIR_2   0x000454    program     static C:\Users\oscar\OneDrive - La Salle\SALLE\22-23\SDM\Practica\MPLAB_Project\Proves.X\newpic_8b_general.asm
                    DIR_3   0x000464    program     static C:\Users\oscar\OneDrive - La Salle\SALLE\22-23\SDM\Practica\MPLAB_Project\Proves.X\newpic_8b_general.asm
                    DIR_6   0x000474    program     static C:\Users\oscar\OneDrive - La Salle\SALLE\22-23\SDM\Practica\MPLAB_Project\Proves.X\newpic_8b_general.asm
                    DIR_7   0x000484    program     static C:\Users\oscar\OneDrive - La Salle\SALLE\22-23\SDM\Practica\MPLAB_Project\Proves.X\newpic_8b_general.asm
                    DIR_8   0x000494    program     static C:\Users\oscar\OneDrive - La Salle\SALLE\22-23\SDM\Practica\MPLAB_Project\Proves.X\newpic_8b_general.asm
                    DIR_9   0x0004a4    program     static C:\Users\oscar\OneDrive - La Salle\SALLE\22-23\SDM\Practica\MPLAB_Project\Proves.X\newpic_8b_general.asm
                DIR_SERVO   0x00040a    program     static C:\Users\oscar\OneDrive - La Salle\SALLE\22-23\SDM\Practica\MPLAB_Project\Proves.X\newpic_8b_general.asm
                   ESPERA   0x0002a6    program     static C:\Users\oscar\OneDrive - La Salle\SALLE\22-23\SDM\Practica\MPLAB_Project\Proves.X\newpic_8b_general.asm
            ESPERA_REBOTS   0x00029e    program     static C:\Users\oscar\OneDrive - La Salle\SALLE\22-23\SDM\Practica\MPLAB_Project\Proves.X\newpic_8b_general.asm
             FINAL_FIGHT2   0x000140    program     static C:\Users\oscar\OneDrive - La Salle\SALLE\22-23\SDM\Practica\MPLAB_Project\Proves.X\newpic_8b_general.asm
                 HIGH_RSI   0x00015e    program     static C:\Users\oscar\OneDrive - La Salle\SALLE\22-23\SDM\Practica\MPLAB_Project\Proves.X\newpic_8b_general.asm
           INCREMENT_BOSS   0x000158    program     static C:\Users\oscar\OneDrive - La Salle\SALLE\22-23\SDM\Practica\MPLAB_Project\Proves.X\newpic_8b_general.asm
          INCREMENT_COUNT   0x000152    program     static C:\Users\oscar\OneDrive - La Salle\SALLE\22-23\SDM\Practica\MPLAB_Project\Proves.X\newpic_8b_general.asm
                 INIT_ADC   0x0000a0    program     static C:\Users\oscar\OneDrive - La Salle\SALLE\22-23\SDM\Practica\MPLAB_Project\Proves.X\newpic_8b_general.asm
          INIT_INTERRUPTS   0x000054    program     static C:\Users\oscar\OneDrive - La Salle\SALLE\22-23\SDM\Practica\MPLAB_Project\Proves.X\newpic_8b_general.asm
            INIT_POINTERS   0x0000bc    program     static C:\Users\oscar\OneDrive - La Salle\SALLE\22-23\SDM\Practica\MPLAB_Project\Proves.X\newpic_8b_general.asm
               INIT_PORTS   0x000024    program     static C:\Users\oscar\OneDrive - La Salle\SALLE\22-23\SDM\Practica\MPLAB_Project\Proves.X\newpic_8b_general.asm
                 INIT_RAM   0x00053a    program     static C:\Users\oscar\OneDrive - La Salle\SALLE\22-23\SDM\Practica\MPLAB_Project\Proves.X\newpic_8b_general.asm
                  INIT_T0   0x0000ae    program     static C:\Users\oscar\OneDrive - La Salle\SALLE\22-23\SDM\Practica\MPLAB_Project\Proves.X\newpic_8b_general.asm
                INIT_VARS   0x00005e    program     static C:\Users\oscar\OneDrive - La Salle\SALLE\22-23\SDM\Practica\MPLAB_Project\Proves.X\newpic_8b_general.asm
             LEDS_CONTROL   0x0004b8    program     static C:\Users\oscar\OneDrive - La Salle\SALLE\22-23\SDM\Practica\MPLAB_Project\Proves.X\newpic_8b_general.asm
                     LOOP   0x000606    program     static C:\Users\oscar\OneDrive - La Salle\SALLE\22-23\SDM\Practica\MPLAB_Project\Proves.X\newpic_8b_general.asm
             LOOP_BUTTONS   0x0005d6    program     static C:\Users\oscar\OneDrive - La Salle\SALLE\22-23\SDM\Practica\MPLAB_Project\Proves.X\newpic_8b_general.asm
             LOOP_INC_PWM   0x00012c    program     static C:\Users\oscar\OneDrive - La Salle\SALLE\22-23\SDM\Practica\MPLAB_Project\Proves.X\newpic_8b_general.asm
               LOOP_MOTOR   0x0001d0    program     static C:\Users\oscar\OneDrive - La Salle\SALLE\22-23\SDM\Practica\MPLAB_Project\Proves.X\newpic_8b_general.asm
                LOOP_NUM7   0x0003fa    program     static C:\Users\oscar\OneDrive - La Salle\SALLE\22-23\SDM\Practica\MPLAB_Project\Proves.X\newpic_8b_general.asm
                 LOOP_RAM   0x000542    program     static C:\Users\oscar\OneDrive - La Salle\SALLE\22-23\SDM\Practica\MPLAB_Project\Proves.X\newpic_8b_general.asm
               LOOP_SERVO   0x00019e    program     static C:\Users\oscar\OneDrive - La Salle\SALLE\22-23\SDM\Practica\MPLAB_Project\Proves.X\newpic_8b_general.asm
                     MAIN   0x0005e6    program     static C:\Users\oscar\OneDrive - La Salle\SALLE\22-23\SDM\Practica\MPLAB_Project\Proves.X\newpic_8b_general.asm
              MODE_CREUER   0x000574    program     static C:\Users\oscar\OneDrive - La Salle\SALLE\22-23\SDM\Practica\MPLAB_Project\Proves.X\newpic_8b_general.asm
              MODE_MANUAL   0x00055a    program     static C:\Users\oscar\OneDrive - La Salle\SALLE\22-23\SDM\Practica\MPLAB_Project\Proves.X\newpic_8b_general.asm
               MODE_PILOT   0x0005ba    program     static C:\Users\oscar\OneDrive - La Salle\SALLE\22-23\SDM\Practica\MPLAB_Project\Proves.X\newpic_8b_general.asm
              MODE_RECORD   0x00058e    program     static C:\Users\oscar\OneDrive - La Salle\SALLE\22-23\SDM\Practica\MPLAB_Project\Proves.X\newpic_8b_general.asm
               MOVE_SERVO   0x000128    program     static C:\Users\oscar\OneDrive - La Salle\SALLE\22-23\SDM\Practica\MPLAB_Project\Proves.X\newpic_8b_general.asm
                    PARTY   0x00013a    program     static C:\Users\oscar\OneDrive - La Salle\SALLE\22-23\SDM\Practica\MPLAB_Project\Proves.X\newpic_8b_general.asm
               PRE_RECORD   0x000272    program     static C:\Users\oscar\OneDrive - La Salle\SALLE\22-23\SDM\Practica\MPLAB_Project\Proves.X\newpic_8b_general.asm
                 READ_RAM   0x000210    program     static C:\Users\oscar\OneDrive - La Salle\SALLE\22-23\SDM\Practica\MPLAB_Project\Proves.X\newpic_8b_general.asm
            REBOTS_MANUAL   0x0002b0    program     static C:\Users\oscar\OneDrive - La Salle\SALLE\22-23\SDM\Practica\MPLAB_Project\Proves.X\newpic_8b_general.asm
            REBOTS_RECORD   0x0002c2    program     static C:\Users\oscar\OneDrive - La Salle\SALLE\22-23\SDM\Practica\MPLAB_Project\Proves.X\newpic_8b_general.asm
              REBOTS_SAVE   0x0002de    program     static C:\Users\oscar\OneDrive - La Salle\SALLE\22-23\SDM\Practica\MPLAB_Project\Proves.X\newpic_8b_general.asm
                   RSI_T0   0x000166    program     static C:\Users\oscar\OneDrive - La Salle\SALLE\22-23\SDM\Practica\MPLAB_Project\Proves.X\newpic_8b_general.asm
               SAVE_ROUTE   0x0001e6    program     static C:\Users\oscar\OneDrive - La Salle\SALLE\22-23\SDM\Practica\MPLAB_Project\Proves.X\newpic_8b_general.asm
              SHOW_VEL_7S   0x0003ee    program     static C:\Users\oscar\OneDrive - La Salle\SALLE\22-23\SDM\Practica\MPLAB_Project\Proves.X\newpic_8b_general.asm
               TIME_VEL_0   0x0000da    program     static C:\Users\oscar\OneDrive - La Salle\SALLE\22-23\SDM\Practica\MPLAB_Project\Proves.X\newpic_8b_general.asm
               TIME_VEL_1   0x0000ec    program     static C:\Users\oscar\OneDrive - La Salle\SALLE\22-23\SDM\Practica\MPLAB_Project\Proves.X\newpic_8b_general.asm
               TIME_VEL_2   0x000100    program     static C:\Users\oscar\OneDrive - La Salle\SALLE\22-23\SDM\Practica\MPLAB_Project\Proves.X\newpic_8b_general.asm
               TIME_VEL_3   0x000114    program     static C:\Users\oscar\OneDrive - La Salle\SALLE\22-23\SDM\Practica\MPLAB_Project\Proves.X\newpic_8b_general.asm
            TOGGLE_MANUAL   0x00025a    program     static C:\Users\oscar\OneDrive - La Salle\SALLE\22-23\SDM\Practica\MPLAB_Project\Proves.X\newpic_8b_general.asm
            TOGGLE_RECORD   0x000280    program     static C:\Users\oscar\OneDrive - La Salle\SALLE\22-23\SDM\Practica\MPLAB_Project\Proves.X\newpic_8b_general.asm
                    VEL_0   0x000304    program     static C:\Users\oscar\OneDrive - La Salle\SALLE\22-23\SDM\Practica\MPLAB_Project\Proves.X\newpic_8b_general.asm
                   VEL_01   0x00036c    program     static C:\Users\oscar\OneDrive - La Salle\SALLE\22-23\SDM\Practica\MPLAB_Project\Proves.X\newpic_8b_general.asm
                   VEL_02   0x000386    program     static C:\Users\oscar\OneDrive - La Salle\SALLE\22-23\SDM\Practica\MPLAB_Project\Proves.X\newpic_8b_general.asm
                   VEL_03   0x0003a0    program     static C:\Users\oscar\OneDrive - La Salle\SALLE\22-23\SDM\Practica\MPLAB_Project\Proves.X\newpic_8b_general.asm
                    VEL_1   0x00031e    program     static C:\Users\oscar\OneDrive - La Salle\SALLE\22-23\SDM\Practica\MPLAB_Project\Proves.X\newpic_8b_general.asm
                    VEL_2   0x000338    program     static C:\Users\oscar\OneDrive - La Salle\SALLE\22-23\SDM\Practica\MPLAB_Project\Proves.X\newpic_8b_general.asm
                    VEL_3   0x000352    program     static C:\Users\oscar\OneDrive - La Salle\SALLE\22-23\SDM\Practica\MPLAB_Project\Proves.X\newpic_8b_general.asm
                   VEL_7S   0x0003ba    program     static C:\Users\oscar\OneDrive - La Salle\SALLE\22-23\SDM\Practica\MPLAB_Project\Proves.X\newpic_8b_general.asm
             VEL_DIRECCIO   0x0000cc    program     static C:\Users\oscar\OneDrive - La Salle\SALLE\22-23\SDM\Practica\MPLAB_Project\Proves.X\newpic_8b_general.asm
                 WAIT_ADC   0x000510    program     static C:\Users\oscar\OneDrive - La Salle\SALLE\22-23\SDM\Practica\MPLAB_Project\Proves.X\newpic_8b_general.asm
                WAIT_ADC1   0x00052a    program     static C:\Users\oscar\OneDrive - La Salle\SALLE\22-23\SDM\Practica\MPLAB_Project\Proves.X\newpic_8b_general.asm
               WAIT_COUNT   0x000232    program     static C:\Users\oscar\OneDrive - La Salle\SALLE\22-23\SDM\Practica\MPLAB_Project\Proves.X\newpic_8b_general.asm
               WAIT_DELAY   0x00023a    program     static C:\Users\oscar\OneDrive - La Salle\SALLE\22-23\SDM\Practica\MPLAB_Project\Proves.X\newpic_8b_general.asm
              WAIT_MANUAL   0x0002b4    program     static C:\Users\oscar\OneDrive - La Salle\SALLE\22-23\SDM\Practica\MPLAB_Project\Proves.X\newpic_8b_general.asm
              WAIT_RECORD   0x0002c8    program     static C:\Users\oscar\OneDrive - La Salle\SALLE\22-23\SDM\Practica\MPLAB_Project\Proves.X\newpic_8b_general.asm
                WAIT_SAVE   0x0002e2    program     static C:\Users\oscar\OneDrive - La Salle\SALLE\22-23\SDM\Practica\MPLAB_Project\Proves.X\newpic_8b_general.asm



                              Symbols - Sorted by Address
                     Name    Address   Location    Storage File                     
                ---------  ---------  ---------  --------- ---------                
               INIT_PORTS   0x000024    program     static C:\Users\oscar\OneDrive - La Salle\SALLE\22-23\SDM\Practica\MPLAB_Project\Proves.X\newpic_8b_general.asm
          INIT_INTERRUPTS   0x000054    program     static C:\Users\oscar\OneDrive - La Salle\SALLE\22-23\SDM\Practica\MPLAB_Project\Proves.X\newpic_8b_general.asm
                INIT_VARS   0x00005e    program     static C:\Users\oscar\OneDrive - La Salle\SALLE\22-23\SDM\Practica\MPLAB_Project\Proves.X\newpic_8b_general.asm
                 INIT_ADC   0x0000a0    program     static C:\Users\oscar\OneDrive - La Salle\SALLE\22-23\SDM\Practica\MPLAB_Project\Proves.X\newpic_8b_general.asm
                  INIT_T0   0x0000ae    program     static C:\Users\oscar\OneDrive - La Salle\SALLE\22-23\SDM\Practica\MPLAB_Project\Proves.X\newpic_8b_general.asm
            INIT_POINTERS   0x0000bc    program     static C:\Users\oscar\OneDrive - La Salle\SALLE\22-23\SDM\Practica\MPLAB_Project\Proves.X\newpic_8b_general.asm
             VEL_DIRECCIO   0x0000cc    program     static C:\Users\oscar\OneDrive - La Salle\SALLE\22-23\SDM\Practica\MPLAB_Project\Proves.X\newpic_8b_general.asm
               TIME_VEL_0   0x0000da    program     static C:\Users\oscar\OneDrive - La Salle\SALLE\22-23\SDM\Practica\MPLAB_Project\Proves.X\newpic_8b_general.asm
               TIME_VEL_1   0x0000ec    program     static C:\Users\oscar\OneDrive - La Salle\SALLE\22-23\SDM\Practica\MPLAB_Project\Proves.X\newpic_8b_general.asm
               TIME_VEL_2   0x000100    program     static C:\Users\oscar\OneDrive - La Salle\SALLE\22-23\SDM\Practica\MPLAB_Project\Proves.X\newpic_8b_general.asm
               TIME_VEL_3   0x000114    program     static C:\Users\oscar\OneDrive - La Salle\SALLE\22-23\SDM\Practica\MPLAB_Project\Proves.X\newpic_8b_general.asm
               MOVE_SERVO   0x000128    program     static C:\Users\oscar\OneDrive - La Salle\SALLE\22-23\SDM\Practica\MPLAB_Project\Proves.X\newpic_8b_general.asm
             LOOP_INC_PWM   0x00012c    program     static C:\Users\oscar\OneDrive - La Salle\SALLE\22-23\SDM\Practica\MPLAB_Project\Proves.X\newpic_8b_general.asm
                    PARTY   0x00013a    program     static C:\Users\oscar\OneDrive - La Salle\SALLE\22-23\SDM\Practica\MPLAB_Project\Proves.X\newpic_8b_general.asm
             FINAL_FIGHT2   0x000140    program     static C:\Users\oscar\OneDrive - La Salle\SALLE\22-23\SDM\Practica\MPLAB_Project\Proves.X\newpic_8b_general.asm
          INCREMENT_COUNT   0x000152    program     static C:\Users\oscar\OneDrive - La Salle\SALLE\22-23\SDM\Practica\MPLAB_Project\Proves.X\newpic_8b_general.asm
           INCREMENT_BOSS   0x000158    program     static C:\Users\oscar\OneDrive - La Salle\SALLE\22-23\SDM\Practica\MPLAB_Project\Proves.X\newpic_8b_general.asm
                 HIGH_RSI   0x00015e    program     static C:\Users\oscar\OneDrive - La Salle\SALLE\22-23\SDM\Practica\MPLAB_Project\Proves.X\newpic_8b_general.asm
                   RSI_T0   0x000166    program     static C:\Users\oscar\OneDrive - La Salle\SALLE\22-23\SDM\Practica\MPLAB_Project\Proves.X\newpic_8b_general.asm
               LOOP_SERVO   0x00019e    program     static C:\Users\oscar\OneDrive - La Salle\SALLE\22-23\SDM\Practica\MPLAB_Project\Proves.X\newpic_8b_general.asm
               LOOP_MOTOR   0x0001d0    program     static C:\Users\oscar\OneDrive - La Salle\SALLE\22-23\SDM\Practica\MPLAB_Project\Proves.X\newpic_8b_general.asm
               SAVE_ROUTE   0x0001e6    program     static C:\Users\oscar\OneDrive - La Salle\SALLE\22-23\SDM\Practica\MPLAB_Project\Proves.X\newpic_8b_general.asm
                 READ_RAM   0x000210    program     static C:\Users\oscar\OneDrive - La Salle\SALLE\22-23\SDM\Practica\MPLAB_Project\Proves.X\newpic_8b_general.asm
               WAIT_COUNT   0x000232    program     static C:\Users\oscar\OneDrive - La Salle\SALLE\22-23\SDM\Practica\MPLAB_Project\Proves.X\newpic_8b_general.asm
               WAIT_DELAY   0x00023a    program     static C:\Users\oscar\OneDrive - La Salle\SALLE\22-23\SDM\Practica\MPLAB_Project\Proves.X\newpic_8b_general.asm
            TOGGLE_MANUAL   0x00025a    program     static C:\Users\oscar\OneDrive - La Salle\SALLE\22-23\SDM\Practica\MPLAB_Project\Proves.X\newpic_8b_general.asm
               PRE_RECORD   0x000272    program     static C:\Users\oscar\OneDrive - La Salle\SALLE\22-23\SDM\Practica\MPLAB_Project\Proves.X\newpic_8b_general.asm
            TOGGLE_RECORD   0x000280    program     static C:\Users\oscar\OneDrive - La Salle\SALLE\22-23\SDM\Practica\MPLAB_Project\Proves.X\newpic_8b_general.asm
             CHECK_RECORD   0x000292    program     static C:\Users\oscar\OneDrive - La Salle\SALLE\22-23\SDM\Practica\MPLAB_Project\Proves.X\newpic_8b_general.asm
            ESPERA_REBOTS   0x00029e    program     static C:\Users\oscar\OneDrive - La Salle\SALLE\22-23\SDM\Practica\MPLAB_Project\Proves.X\newpic_8b_general.asm
                   ESPERA   0x0002a6    program     static C:\Users\oscar\OneDrive - La Salle\SALLE\22-23\SDM\Practica\MPLAB_Project\Proves.X\newpic_8b_general.asm
            REBOTS_MANUAL   0x0002b0    program     static C:\Users\oscar\OneDrive - La Salle\SALLE\22-23\SDM\Practica\MPLAB_Project\Proves.X\newpic_8b_general.asm
              WAIT_MANUAL   0x0002b4    program     static C:\Users\oscar\OneDrive - La Salle\SALLE\22-23\SDM\Practica\MPLAB_Project\Proves.X\newpic_8b_general.asm
            REBOTS_RECORD   0x0002c2    program     static C:\Users\oscar\OneDrive - La Salle\SALLE\22-23\SDM\Practica\MPLAB_Project\Proves.X\newpic_8b_general.asm
              WAIT_RECORD   0x0002c8    program     static C:\Users\oscar\OneDrive - La Salle\SALLE\22-23\SDM\Practica\MPLAB_Project\Proves.X\newpic_8b_general.asm
              REBOTS_SAVE   0x0002de    program     static C:\Users\oscar\OneDrive - La Salle\SALLE\22-23\SDM\Practica\MPLAB_Project\Proves.X\newpic_8b_general.asm
                WAIT_SAVE   0x0002e2    program     static C:\Users\oscar\OneDrive - La Salle\SALLE\22-23\SDM\Practica\MPLAB_Project\Proves.X\newpic_8b_general.asm
              CLEAR_MINUT   0x0002f2    program     static C:\Users\oscar\OneDrive - La Salle\SALLE\22-23\SDM\Practica\MPLAB_Project\Proves.X\newpic_8b_general.asm
             CLEAR_MINUT2   0x0002f8    program     static C:\Users\oscar\OneDrive - La Salle\SALLE\22-23\SDM\Practica\MPLAB_Project\Proves.X\newpic_8b_general.asm
                    VEL_0   0x000304    program     static C:\Users\oscar\OneDrive - La Salle\SALLE\22-23\SDM\Practica\MPLAB_Project\Proves.X\newpic_8b_general.asm
                    VEL_1   0x00031e    program     static C:\Users\oscar\OneDrive - La Salle\SALLE\22-23\SDM\Practica\MPLAB_Project\Proves.X\newpic_8b_general.asm
                    VEL_2   0x000338    program     static C:\Users\oscar\OneDrive - La Salle\SALLE\22-23\SDM\Practica\MPLAB_Project\Proves.X\newpic_8b_general.asm
                    VEL_3   0x000352    program     static C:\Users\oscar\OneDrive - La Salle\SALLE\22-23\SDM\Practica\MPLAB_Project\Proves.X\newpic_8b_general.asm
                   VEL_01   0x00036c    program     static C:\Users\oscar\OneDrive - La Salle\SALLE\22-23\SDM\Practica\MPLAB_Project\Proves.X\newpic_8b_general.asm
                   VEL_02   0x000386    program     static C:\Users\oscar\OneDrive - La Salle\SALLE\22-23\SDM\Practica\MPLAB_Project\Proves.X\newpic_8b_general.asm
                   VEL_03   0x0003a0    program     static C:\Users\oscar\OneDrive - La Salle\SALLE\22-23\SDM\Practica\MPLAB_Project\Proves.X\newpic_8b_general.asm
                   VEL_7S   0x0003ba    program     static C:\Users\oscar\OneDrive - La Salle\SALLE\22-23\SDM\Practica\MPLAB_Project\Proves.X\newpic_8b_general.asm
              SHOW_VEL_7S   0x0003ee    program     static C:\Users\oscar\OneDrive - La Salle\SALLE\22-23\SDM\Practica\MPLAB_Project\Proves.X\newpic_8b_general.asm
                LOOP_NUM7   0x0003fa    program     static C:\Users\oscar\OneDrive - La Salle\SALLE\22-23\SDM\Practica\MPLAB_Project\Proves.X\newpic_8b_general.asm
                DIR_SERVO   0x00040a    program     static C:\Users\oscar\OneDrive - La Salle\SALLE\22-23\SDM\Practica\MPLAB_Project\Proves.X\newpic_8b_general.asm
              CENTRE_FUNC   0x000422    program     static C:\Users\oscar\OneDrive - La Salle\SALLE\22-23\SDM\Practica\MPLAB_Project\Proves.X\newpic_8b_general.asm
                    DIR_0   0x000434    program     static C:\Users\oscar\OneDrive - La Salle\SALLE\22-23\SDM\Practica\MPLAB_Project\Proves.X\newpic_8b_general.asm
                    DIR_1   0x000444    program     static C:\Users\oscar\OneDrive - La Salle\SALLE\22-23\SDM\Practica\MPLAB_Project\Proves.X\newpic_8b_general.asm
                    DIR_2   0x000454    program     static C:\Users\oscar\OneDrive - La Salle\SALLE\22-23\SDM\Practica\MPLAB_Project\Proves.X\newpic_8b_general.asm
                    DIR_3   0x000464    program     static C:\Users\oscar\OneDrive - La Salle\SALLE\22-23\SDM\Practica\MPLAB_Project\Proves.X\newpic_8b_general.asm
                    DIR_6   0x000474    program     static C:\Users\oscar\OneDrive - La Salle\SALLE\22-23\SDM\Practica\MPLAB_Project\Proves.X\newpic_8b_general.asm
                    DIR_7   0x000484    program     static C:\Users\oscar\OneDrive - La Salle\SALLE\22-23\SDM\Practica\MPLAB_Project\Proves.X\newpic_8b_general.asm
                    DIR_8   0x000494    program     static C:\Users\oscar\OneDrive - La Salle\SALLE\22-23\SDM\Practica\MPLAB_Project\Proves.X\newpic_8b_general.asm
                    DIR_9   0x0004a4    program     static C:\Users\oscar\OneDrive - La Salle\SALLE\22-23\SDM\Practica\MPLAB_Project\Proves.X\newpic_8b_general.asm
             LEDS_CONTROL   0x0004b8    program     static C:\Users\oscar\OneDrive - La Salle\SALLE\22-23\SDM\Practica\MPLAB_Project\Proves.X\newpic_8b_general.asm
             ADC_DIRECCIO   0x00050a    program     static C:\Users\oscar\OneDrive - La Salle\SALLE\22-23\SDM\Practica\MPLAB_Project\Proves.X\newpic_8b_general.asm
                 WAIT_ADC   0x000510    program     static C:\Users\oscar\OneDrive - La Salle\SALLE\22-23\SDM\Practica\MPLAB_Project\Proves.X\newpic_8b_general.asm
            ADC_VELOCITAT   0x000524    program     static C:\Users\oscar\OneDrive - La Salle\SALLE\22-23\SDM\Practica\MPLAB_Project\Proves.X\newpic_8b_general.asm
                WAIT_ADC1   0x00052a    program     static C:\Users\oscar\OneDrive - La Salle\SALLE\22-23\SDM\Practica\MPLAB_Project\Proves.X\newpic_8b_general.asm
                 INIT_RAM   0x00053a    program     static C:\Users\oscar\OneDrive - La Salle\SALLE\22-23\SDM\Practica\MPLAB_Project\Proves.X\newpic_8b_general.asm
                 LOOP_RAM   0x000542    program     static C:\Users\oscar\OneDrive - La Salle\SALLE\22-23\SDM\Practica\MPLAB_Project\Proves.X\newpic_8b_general.asm
              MODE_MANUAL   0x00055a    program     static C:\Users\oscar\OneDrive - La Salle\SALLE\22-23\SDM\Practica\MPLAB_Project\Proves.X\newpic_8b_general.asm
              MODE_CREUER   0x000574    program     static C:\Users\oscar\OneDrive - La Salle\SALLE\22-23\SDM\Practica\MPLAB_Project\Proves.X\newpic_8b_general.asm
              MODE_RECORD   0x00058e    program     static C:\Users\oscar\OneDrive - La Salle\SALLE\22-23\SDM\Practica\MPLAB_Project\Proves.X\newpic_8b_general.asm
               MODE_PILOT   0x0005ba    program     static C:\Users\oscar\OneDrive - La Salle\SALLE\22-23\SDM\Practica\MPLAB_Project\Proves.X\newpic_8b_general.asm
             LOOP_BUTTONS   0x0005d6    program     static C:\Users\oscar\OneDrive - La Salle\SALLE\22-23\SDM\Practica\MPLAB_Project\Proves.X\newpic_8b_general.asm
                     MAIN   0x0005e6    program     static C:\Users\oscar\OneDrive - La Salle\SALLE\22-23\SDM\Practica\MPLAB_Project\Proves.X\newpic_8b_general.asm
                     LOOP   0x000606    program     static C:\Users\oscar\OneDrive - La Salle\SALLE\22-23\SDM\Practica\MPLAB_Project\Proves.X\newpic_8b_general.asm


