Microchip MPLAB XC8 Compiler V2.36

Linker command line:

-W-3 --edf=C:\Program Files\Microchip\xc8\v2.36\pic\dat\en_msgs.txt -cn \
  -h+dist/default/production\FINALULTIM.X.production.sym \
  --cmf=dist/default/production\FINALULTIM.X.production.cmf -z -Q18F4321 \
  -oC:\Users\guimo\AppData\Local\Temp\xcAs1bc.4 --defsym=__MPLAB_BUILD=1 \
  -Mdist/default/production/FINALULTIM.X.production.map \
  --md=C:\Users\guimo\AppData\Local\Temp\xcAs1bc.dat -E1 -ver=XC8 Compiler \
  --acfsm=1493 -ACODE=00h-01FFFh -ACONST=00h-01FFFh \
  -ASMALLCONST=0200h-02FFhx30 -AMEDIUMCONST=0200h-01FFFh -ACOMRAM=01h-07Fh \
  -AABS1=00h-01FFh -ABIGRAM=01h-01FFh -ARAM=080h-0FFh,0100h-01FFh \
  -ABANK0=080h-0FFh -ABANK1=0100h-01FFh -ASFR=0F80h-0FFFh \
  -ABIGSFR=0F80h-0FFFh -ACONFIG=0300000h-030000Dh -AIDLOC=0200000h-0200007h \
  -AEEDATA=0F00000h-0F000FFh -peeprom_data=EEDATA \
  -preset_vec=00h,intcode=08h,intcodelo,powerup,init -pramtop=0200h \
  -psmallconst=SMALLCONST -pmediumconst=MEDIUMCONST -pconst=CONST \
  -AFARRAM=00h-00h \
  -prdata=COMRAM,nvrram=COMRAM,nvbit=COMRAM,rbss=COMRAM,rbit=COMRAM \
  -pfarbss=FARRAM,fardata=FARRAM,nvFARRAM=FARRAM \
  -pintsave_regs=BIGRAM,bigbss=BIGRAM,bigdata=BIGRAM -pbss=RAM \
  -pidata=CODE,irdata=CODE,ibigdata=CODE,ifardata=CODE -prparam=COMRAM \
  C:\Users\guimo\AppData\Local\Temp\xcAs1bc.o \
  dist/default/production\FINALULTIM.X.production.o 

Object code version is 3.11

Machine type is 18F4321



                Name                               Link     Load   Length Selector   Space Scale
C:\Users\guimo\AppData\Local\Temp\xcAs1bc.o
                idloc                            200000   200000        8        0       5
                config                           300000   300000        E        0       4
                init                                 34       34        4        4       0
                reset_vec                             0        0        4        0       0
dist/default/production\FINALULTIM.X.production.o
                intcode                               8        8       2C        4       0
                idloc                            200000   200000        8        0       5
                config                           300000   300000        E        0       4
                temp                                 74       74        1        1       1
                mediumconst                        1EEC     1EEC      114      F76       0
                text81                             1A48     1A48       26        4       0
                text80                             1238     1238       74        4       0
                text78                             144A     144A       66        4       0
                text77                             13E4     13E4       66        4       0
                text76                             1B1E     1B1E       1C        4       0
                text75                             11BC     11BC       7C        4       0
                text74                             18AE     18AE       34        4       0
                text73                             1C34     1C34       12        4       0
                text72                             19D0     19D0       2C        4       0
                text71                             18E2     18E2       32        4       0
                text70                             17CA     17CA       3E        4       0
                text69                              B88      B88       CC        4       0
                text68                             1840     1840       38        4       0
                text67                             1A22     1A22       26        4       0
                text66                             1C84     1C84        A        4       0
                text65                             1BAE     1BAE       16        4       0
                text64                             1C22     1C22       12        4       0
                text63                             178A     178A       40        4       0
                text62                             19FC     19FC       26        4       0
                text61                             1C66     1C66       10        4       0
                text60                              772      772      12A        4       0
                text59                             1B6A     1B6A       18        4       0
                text58                             1B52     1B52       18        4       0
                text57                             1CB6     1CB6        4        4       0
                text56                             1CB2     1CB2        4        4       0
                text55                              D1E      D1E       AC        4       0
                text54                             113E     113E       7E        4       0
                text53                             1B98     1B98       16        4       0
                text52                             1AC8     1AC8       1E        4       0
                text51                             1B02     1B02       1C        4       0
                text50                             1944     1944       30        4       0
                text49                             1914     1914       30        4       0
                text48                             12AC     12AC       6A        4       0
                text47                              F9A      F9A       98        4       0
                text46                             1808     1808       38        4       0
                text45                              DCA      DCA       9E        4       0
                text44                             15C6     15C6       54        4       0
                text43                              9A6      9A6      106        4       0
                text42                              642      642      130        4       0
                text41                              1DC      1DC      19E        4       0
                text40                              37A      37A      190        4       0
                text39                             1BD8     1BD8       14        4       0
                text38                             1C76     1C76        E        4       0
                text37                             166C     166C       50        4       0
                text36                             1AAA     1AAA       1E        4       0
                text35                              89C      89C      10A        4       0
                text34                             1CA8     1CA8        6        4       0
                text33                             1BC4     1BC4       14        4       0
                text32                             1C8E     1C8E        8        4       0
                text31                             1C10     1C10       12        4       0
                text30                             1AE6     1AE6       1C        4       0
                text29                             1CAE     1CAE        4        4       0
                text28                             1CA2     1CA2        6        4       0
                text27                              AAC      AAC       DC        4       0
                text26                             10C0     10C0       7E        4       0
                text25                              50A      50A      138        4       0
                text24                             19A2     19A2       2E        4       0
                text23                             1702     1702       46        4       0
                text22                             1B82     1B82       16        4       0
                text21                             1878     1878       36        4       0
                text20                             1C9C     1C9C        6        4       0
                text19                              F02      F02       98        4       0
                text18                             1C96     1C96        6        4       0
                text17                             1A8C     1A8C       1E        4       0
                text16                             16BC     16BC       46        4       0
                text15                             1974     1974       2E        4       0
                text14                             137E     137E       66        4       0
                text13                             1748     1748       42        4       0
                text12                             1B3A     1B3A       18        4       0
                text11                             1BFE     1BFE       12        4       0
                text10                             1C56     1C56       10        4       0
                text9                              1BEC     1BEC       12        4       0
                text8                              1A6E     1A6E       1E        4       0
                text7                              1032     1032       8E        4       0
                text6                              1C46     1C46       10        4       0
                text5                              1570     1570       56        4       0
                text4                               C54      C54       CA        4       0
                text3                                38       38      1A4        4       0
                text2                              1316     1316       68        4       0
                text1                               E68      E68       9A        4       0
                text0                              1514     1514       5C        4       0
                cstackCOMRAM                         5A       5A       1A        1       1
                cstackBANK1                         1B0      1B0       13      100       1
                bssBANK1                            100      100       B0      100       1
                dataBANK0                            80       80       64       80       1
                bssBANK0                             E4       E4       1C       80       1
                bssCOMRAM                             1        1       59        1       1
                cinit                              161A     161A       52        4       0
                idataBANK0                         14B0     14B0       64        4       0

TOTAL           Name                               Link     Load   Length     Space
        CLASS   CODE           
                intcode                               8        8       2C         0
                init                                 34       34        4         0
                reset_vec                             0        0        4         0
                text81                             1A48     1A48       26         0
                text80                             1238     1238       74         0
                text78                             144A     144A       66         0
                text77                             13E4     13E4       66         0
                text76                             1B1E     1B1E       1C         0
                text75                             11BC     11BC       7C         0
                text74                             18AE     18AE       34         0
                text73                             1C34     1C34       12         0
                text72                             19D0     19D0       2C         0
                text71                             18E2     18E2       32         0
                text70                             17CA     17CA       3E         0
                text69                              B88      B88       CC         0
                text68                             1840     1840       38         0
                text67                             1A22     1A22       26         0
                text66                             1C84     1C84        A         0
                text65                             1BAE     1BAE       16         0
                text64                             1C22     1C22       12         0
                text63                             178A     178A       40         0
                text62                             19FC     19FC       26         0
                text61                             1C66     1C66       10         0
                text60                              772      772      12A         0
                text59                             1B6A     1B6A       18         0
                text58                             1B52     1B52       18         0
                text57                             1CB6     1CB6        4         0
                text56                             1CB2     1CB2        4         0
                text55                              D1E      D1E       AC         0
                text54                             113E     113E       7E         0
                text53                             1B98     1B98       16         0
                text52                             1AC8     1AC8       1E         0
                text51                             1B02     1B02       1C         0
                text50                             1944     1944       30         0
                text49                             1914     1914       30         0
                text48                             12AC     12AC       6A         0
                text47                              F9A      F9A       98         0
                text46                             1808     1808       38         0
                text45                              DCA      DCA       9E         0
                text44                             15C6     15C6       54         0
                text43                              9A6      9A6      106         0
                text42                              642      642      130         0
                text41                              1DC      1DC      19E         0
                text40                              37A      37A      190         0
                text39                             1BD8     1BD8       14         0
                text38                             1C76     1C76        E         0
                text37                             166C     166C       50         0
                text36                             1AAA     1AAA       1E         0
                text35                              89C      89C      10A         0
                text34                             1CA8     1CA8        6         0
                text33                             1BC4     1BC4       14         0
                text32                             1C8E     1C8E        8         0
                text31                             1C10     1C10       12         0
                text30                             1AE6     1AE6       1C         0
                text29                             1CAE     1CAE        4         0
                text28                             1CA2     1CA2        6         0
                text27                              AAC      AAC       DC         0
                text26                             10C0     10C0       7E         0
                text25                              50A      50A      138         0
                text24                             19A2     19A2       2E         0
                text23                             1702     1702       46         0
                text22                             1B82     1B82       16         0
                text21                             1878     1878       36         0
                text20                             1C9C     1C9C        6         0
                text19                              F02      F02       98         0
                text18                             1C96     1C96        6         0
                text17                             1A8C     1A8C       1E         0
                text16                             16BC     16BC       46         0
                text15                             1974     1974       2E         0
                text14                             137E     137E       66         0
                text13                             1748     1748       42         0
                text12                             1B3A     1B3A       18         0
                text11                             1BFE     1BFE       12         0
                text10                             1C56     1C56       10         0
                text9                              1BEC     1BEC       12         0
                text8                              1A6E     1A6E       1E         0
                text7                              1032     1032       8E         0
                text6                              1C46     1C46       10         0
                text5                              1570     1570       56         0
                text4                               C54      C54       CA         0
                text3                                38       38      1A4         0
                text2                              1316     1316       68         0
                text1                               E68      E68       9A         0
                text0                              1514     1514       5C         0
                cinit                              161A     161A       52         0
                idataBANK0                         14B0     14B0       64         0

        CLASS   CONST          

        CLASS   SMALLCONST     

        CLASS   MEDIUMCONST    
                mediumconst                        1EEC     1EEC      114         0

        CLASS   COMRAM         
                temp                                 74       74        1         1
                cstackCOMRAM                         5A       5A       1A         1
                bssCOMRAM                             1        1       59         1

        CLASS   ABS1           

        CLASS   BIGRAM         

        CLASS   RAM            

        CLASS   BANK0          
                dataBANK0                            80       80       64         1
                bssBANK0                             E4       E4       1C         1

        CLASS   BANK1          
                cstackBANK1                         1B0      1B0       13         1
                bssBANK1                            100      100       B0         1

        CLASS   SFR            

        CLASS   BIGSFR         

        CLASS   CONFIG         
                config                           300000   300000        E         4

        CLASS   IDLOC          
                idloc                            200000   200000        8         5

        CLASS   EEDATA         

        CLASS   FARRAM         

        CLASS   HEAP           

        CLASS   STACK          



SEGMENTS        Name                           Load    Length   Top    Selector   Space  Class

                reset_vec                      000000  000004  000004         0       0  CODE    
                bssCOMRAM                      000001  000074  000075         1       1  COMRAM  
                intcode                        000008  001CB2  001CBA         4       0  CODE    
                dataBANK0                      000080  000080  000100        80       1  BANK0   
                bssBANK1                       000100  0000C3  0001C3       100       1  BANK1   
                mediumconst                    001EEC  000114  002000       F76       0  MEDIUMCO


UNUSED ADDRESS RANGES

        Name                Unused          Largest block    Delta
        BANK1            0001C3-0001FF               3D
        BIGRAM           000075-00007F                B
                         0001C3-0001FF               3D
        BIGSFR           000F80-000FFF               80
        CODE             000004-000007                4
                         001CBA-001EEB              232
        COMRAM           000075-00007F                B
        CONST            000004-000007                4
                         001CBA-001EEB              232
        EEDATA           F00000-F000FF              100
        MEDIUMCONST      001CBA-001EEB              232
        RAM              0001C3-0001FF               3D
        SFR              000F80-000FFF               80
        SMALLCONST       001CBA-001EEB              100

                                  Symbol Table

?_TiGetTics                 cstackCOMRAM 000065
?___wmul                    cstackCOMRAM 000065
?i2___wmul                  cstackCOMRAM 00005A
CantaData@Data              cstackCOMRAM 000067
CantaIR@IR                  cstackCOMRAM 000067
CantaPartAlta@c             cstackCOMRAM 000066
CantaPartBaixa@c            cstackCOMRAM 000066
EscriuPrimeraOrdre@ordre    cstackCOMRAM 000066
Espera@Timer                cstackCOMRAM 00006C
Espera@ms                   cstackCOMRAM 00006E
LcGotoXY@Column             cstackBANK1  0001B4
LcGotoXY@Fisics             cstackBANK1  0001B2
LcGotoXY@Row                cstackCOMRAM 00006D
LcInit@columns              cstackCOMRAM 000072
LcInit@i                    cstackBANK1  0001B1
LcInit@rows                 cstackBANK1  0001B0
LcPutChar@c                 cstackCOMRAM 000070
PL10                        text43       000A7A
PL100                       text1        000EFC
PL102                       text3        0001D4
PL104                       text40       000502
PL12                        text35       000976
PL14                        text43       000A8A
PL16                        text43       000A96
PL18                        text43       000AA2
PL2                         text42       00072E
PL20                        text69       000C48
PL22                        text40       0004D0
PL24                        text71       001904
PL26                        text16       0016EA
PL28                        text25       00061A
PL30                        text4        000D12
PL32                        text60       000870
PL34                        text80       00129C
PL36                        text49       001934
PL38                        text40       0004F2
PL4                         text42       000746
PL40                        text74       0018D2
PL42                        text46       001828
PL44                        text41       000372
PL46                        text75       001220
PL48                        text3        0001CC
PL50                        text50       001964
PL52                        text49       00193C
PL54                        text19       000F78
PL56                        text42       000768
PL58                        text27       000B7C
PL6                         text42       000750
PL60                        text26       001128
PL62                        text19       000F82
PL64                        text25       00062C
PL66                        text47       00101C
PL68                        text19       000F8E
PL70                        text48       00130C
PL72                        text45       000E5E
PL74                        text50       00196C
PL76                        text25       000638
PL78                        text60       000880
PL8                         text42       00075A
PL80                        text60       00088A
PL82                        text77       001440
PL84                        text46       001836
PL86                        text75       00122E
PL88                        text26       001134
PL90                        text47       001028
PL92                        text78       0014A6
PL94                        text9        001BF8
PL96                        text21       0018A8
PL98                        text60       000894
TiGetTics@Handle            cstackCOMRAM 000069
TiGetTics@actual            cstackCOMRAM 00006A
TiGetTimer@counter          cstackCOMRAM 000066
TiInit@counter              cstackCOMRAM 000065
TiResetTics@Handle          cstackCOMRAM 000065
WaitForBusy@Busy            cstackCOMRAM 00006C
_ADCON0bits                 (abs)        000FC2
_ADCON1                     (abs)        000FC1
_ADCON2                     (abs)        000FC0
_ADRESH                     (abs)        000FC4
_BAUDCONbits                (abs)        000FB8
_CantaData                  text46       001808
_CantaIR                    text76       001B1E
_CantaPartAlta              text78       00144A
_CantaPartBaixa             text77       0013E4
_ColumnAct                  bssCOMRAM    00004C
_Columns                    bssCOMRAM    00004E
_EEADR                      (abs)        000FA9
_EECON1bits                 (abs)        000FA6
_EECON2                     (abs)        000FA7
_EEDATA                     (abs)        000FA8
_EMPTY                      dataBANK0    0000B6
_EMPTY2                     dataBANK0    00009F
_END_MSG                    dataBANK0    000088
_EscriuPrimeraOrdre         text75       0011BC
_Espera                     text72       0019D0
_INTCONbits                 (abs)        000FF2
_LATAbits                   (abs)        000F89
_LATBbits                   (abs)        000F8A
_LATCbits                   (abs)        000F8B
_LATDbits                   (abs)        000F8C
_LcClear                    text65       001BAE
_LcCursorOn                 text66       001C84
_LcGotoXY                   text45       000DCA
_LcGotoXY$320               cstackBANK1  0001B0
_LcInit                     text69       000B88
_LcPutChar                  text44       0015C6
_MENU1_LOG                  mediumconst  001FDE
_MENU2_END                  mediumconst  001F6B
_MENU2_MODIFY               mediumconst  001F99
_MENU2_PLAY                 mediumconst  001FB0
_MENU2_START                mediumconst  001FC7
_MENU2_TIME                 mediumconst  001F82
_NOTHING                    mediumconst  001F54
_NOTHING2                   dataBANK0    0000CD
_OSCCONbits                 (abs)        000FD3
_OSCTUNEbits                (abs)        000F9B
_PIR1bits                   (abs)        000F9E
_PORTCbits                  (abs)        000F82
_PORTD                      (abs)        000F83
_PORTDbits                  (abs)        000F83
_RCREG                      (abs)        000FAE
_RCSTA                      (abs)        000FAB
_RSI_High                   intcode      000008
_RSI_Timer0                 text80       001238
_RowAct                     bssCOMRAM    00004D
_Rows                       bssCOMRAM    00004F
_SHOW_CURR_TIME             mediumconst  001F0F
_SHOW_MODY_TIME             mediumconst  001F26
_SHOW_RECORDING             mediumconst  001F3D
_SPBRG                      (abs)        000FAF
_SPBRGH                     (abs)        000FB0
_T0CONbits                  (abs)        000FD5
_TMR0L                      (abs)        000FD6
_TRISAbits                  (abs)        000F92
_TRISBbits                  (abs)        000F93
_TRISCbits                  (abs)        000F94
_TRISD                      (abs)        000F95
_TXREG                      (abs)        000FAD
_TXSTA                      (abs)        000FAC
_TXSTAbits                  (abs)        000FAC
_TiGetTics                  text74       0018AE
_TiGetTimer                 text71       0018E2
_TiInit                     text68       001840
_TiResetTics                text73       001C34
_Timer                      bssCOMRAM    00000F
_WaitForBusy                text70       0017CA
__HRAM                      (abs)        000000
__Habs1                     abs1         000000
__Hbank0                    bank0        000000
__Hbank1                    bank1        000000
__Hbigbss                   bigbss       000000
__Hbigdata                  bigdata      000000
__Hbigram                   bigram       000000
__Hbigsfr                   bigsfr       000000
__Hbss                      bss          000000
__HbssBANK0                 bssBANK0     000000
__HbssBANK1                 bssBANK1     000000
__HbssCOMRAM                bssCOMRAM    000000
__Hcinit                    cinit        000000
__Hclrtext                  clrtext      000000
__Hcomram                   comram       000000
__Hconfig                   config       30000E
__Hconst                    const        000000
__HcstackBANK1              cstackBANK1  000000
__HcstackCOMRAM             cstackCOMRAM 000000
__Hdata                     data         000000
__HdataBANK0                dataBANK0    000000
__Heeprom_data              eeprom_data  000000
__Hfarbss                   farbss       000000
__Hfardata                  fardata      000000
__Hheap                     heap         000000
__Hibigdata                 ibigdata     000000
__Hidata                    idata        000000
__HidataBANK0               idataBANK0   000000
__Hidloc                    idloc        200008
__Hifardata                 ifardata     000000
__Hinit                     init         000038
__Hintcode                  intcode      000034
__Hintcode_body             intcode_body 000000
__Hintcodelo                intcodelo    000034
__Hintentry                 intentry     000000
__Hintret                   intret       000000
__Hintsave_regs             intsave_regs 000000
__Hirdata                   irdata       000000
__Hmediumconst              mediumconst  002000
__HnvFARRAM                 nvFARRAM     000000
__Hnvbit                    nvbit        000000
__Hnvrram                   nvrram       000000
__Hpa_nodes0                pa_nodes0    000000
__Hparam                    rparam       000000
__Hpowerup                  powerup      000034
__Hram                      ram          000000
__Hramtop                   ramtop       000200
__Hrbit                     rbit         000000
__Hrbss                     rbss         000000
__Hrdata                    rdata        000000
__Hreset_vec                reset_vec    000004
__Hrparam                   rparam       000000
__Hsfr                      sfr          000000
__Hsmallconst               smallconst   000000
__Hspace_0                  (abs)        002000
__Hspace_1                  (abs)        0001C3
__Hspace_2                  (abs)        000000
__Hspace_4                  (abs)        60000E
__Hstack                    stack        000000
__Hstruct                   struct       000000
__Htemp                     temp         000075
__Htext                     text         000000
__Htext0                    text0        000000
__Htext1                    text1        000000
__Htext10                   text10       000000
__Htext11                   text11       000000
__Htext12                   text12       000000
__Htext13                   text13       000000
__Htext14                   text14       000000
__Htext15                   text15       000000
__Htext16                   text16       000000
__Htext17                   text17       000000
__Htext18                   text18       000000
__Htext19                   text19       000000
__Htext2                    text2        000000
__Htext20                   text20       000000
__Htext21                   text21       000000
__Htext22                   text22       000000
__Htext23                   text23       000000
__Htext24                   text24       000000
__Htext25                   text25       000000
__Htext26                   text26       000000
__Htext27                   text27       000000
__Htext28                   text28       000000
__Htext29                   text29       000000
__Htext3                    text3        000000
__Htext30                   text30       000000
__Htext31                   text31       000000
__Htext32                   text32       000000
__Htext33                   text33       000000
__Htext34                   text34       000000
__Htext35                   text35       000000
__Htext36                   text36       000000
__Htext37                   text37       000000
__Htext38                   text38       000000
__Htext39                   text39       000000
__Htext4                    text4        000000
__Htext40                   text40       000000
__Htext41                   text41       000000
__Htext42                   text42       000000
__Htext43                   text43       000000
__Htext44                   text44       000000
__Htext45                   text45       000000
__Htext46                   text46       000000
__Htext47                   text47       000000
__Htext48                   text48       000000
__Htext49                   text49       000000
__Htext5                    text5        000000
__Htext50                   text50       000000
__Htext51                   text51       000000
__Htext52                   text52       000000
__Htext53                   text53       000000
__Htext54                   text54       000000
__Htext55                   text55       000000
__Htext56                   text56       000000
__Htext57                   text57       000000
__Htext58                   text58       000000
__Htext59                   text59       000000
__Htext6                    text6        000000
__Htext60                   text60       000000
__Htext61                   text61       000000
__Htext62                   text62       000000
__Htext63                   text63       000000
__Htext64                   text64       000000
__Htext65                   text65       000000
__Htext66                   text66       000000
__Htext67                   text67       000000
__Htext68                   text68       000000
__Htext69                   text69       000000
__Htext7                    text7        000000
__Htext70                   text70       000000
__Htext71                   text71       000000
__Htext72                   text72       000000
__Htext73                   text73       000000
__Htext74                   text74       000000
__Htext75                   text75       000000
__Htext76                   text76       000000
__Htext77                   text77       000000
__Htext78                   text78       000000
__Htext8                    text8        000000
__Htext80                   text80       000000
__Htext81                   text81       000000
__Htext9                    text9        000000
__LRAM                      (abs)        000001
__Labs1                     abs1         000000
__Lbank0                    bank0        000000
__Lbank1                    bank1        000000
__Lbigbss                   bigbss       000000
__Lbigdata                  bigdata      000000
__Lbigram                   bigram       000000
__Lbigsfr                   bigsfr       000000
__Lbss                      bss          000000
__LbssBANK0                 bssBANK0     000000
__LbssBANK1                 bssBANK1     000000
__LbssCOMRAM                bssCOMRAM    000000
__Lcinit                    cinit        000000
__Lclrtext                  clrtext      000000
__Lcomram                   comram       000000
__Lconfig                   config       000000
__Lconst                    const        000000
__LcstackBANK1              cstackBANK1  000000
__LcstackCOMRAM             cstackCOMRAM 000000
__Ldata                     data         000000
__LdataBANK0                dataBANK0    000000
__Leeprom_data              eeprom_data  000000
__Lfarbss                   farbss       000000
__Lfardata                  fardata      000000
__Lheap                     heap         000000
__Libigdata                 ibigdata     000000
__Lidata                    idata        000000
__LidataBANK0               idataBANK0   000000
__Lidloc                    idloc        000000
__Lifardata                 ifardata     000000
__Linit                     init         000034
__Lintcode                  intcode      000008
__Lintcode_body             intcode_body 000000
__Lintcodelo                intcodelo    000034
__Lintentry                 intentry     000000
__Lintret                   intret       000000
__Lintsave_regs             intsave_regs 000000
__Lirdata                   irdata       000000
__Lmediumconst              mediumconst  001EEC
__LnvFARRAM                 nvFARRAM     000000
__Lnvbit                    nvbit        000000
__Lnvrram                   nvrram       000000
__Lpa_nodes0                pa_nodes0    000000
__Lparam                    rparam       000000
__Lpowerup                  powerup      000034
__Lram                      ram          000000
__Lramtop                   ramtop       000200
__Lrbit                     rbit         000000
__Lrbss                     rbss         000000
__Lrdata                    rdata        000000
__Lreset_vec                reset_vec    000000
__Lrparam                   rparam       000000
__Lsfr                      sfr          000000
__Lsmallconst               smallconst   000000
__Lspace_0                  (abs)        000000
__Lspace_1                  (abs)        000000
__Lspace_2                  (abs)        000000
__Lspace_4                  (abs)        000000
__Lstack                    stack        000000
__Lstruct                   struct       000000
__Ltemp                     temp         000074
__Ltext                     text         000000
__Ltext0                    text0        000000
__Ltext1                    text1        000000
__Ltext10                   text10       000000
__Ltext11                   text11       000000
__Ltext12                   text12       000000
__Ltext13                   text13       000000
__Ltext14                   text14       000000
__Ltext15                   text15       000000
__Ltext16                   text16       000000
__Ltext17                   text17       000000
__Ltext18                   text18       000000
__Ltext19                   text19       000000
__Ltext2                    text2        000000
__Ltext20                   text20       000000
__Ltext21                   text21       000000
__Ltext22                   text22       000000
__Ltext23                   text23       000000
__Ltext24                   text24       000000
__Ltext25                   text25       000000
__Ltext26                   text26       000000
__Ltext27                   text27       000000
__Ltext28                   text28       000000
__Ltext29                   text29       000000
__Ltext3                    text3        000000
__Ltext30                   text30       000000
__Ltext31                   text31       000000
__Ltext32                   text32       000000
__Ltext33                   text33       000000
__Ltext34                   text34       000000
__Ltext35                   text35       000000
__Ltext36                   text36       000000
__Ltext37                   text37       000000
__Ltext38                   text38       000000
__Ltext39                   text39       000000
__Ltext4                    text4        000000
__Ltext40                   text40       000000
__Ltext41                   text41       000000
__Ltext42                   text42       000000
__Ltext43                   text43       000000
__Ltext44                   text44       000000
__Ltext45                   text45       000000
__Ltext46                   text46       000000
__Ltext47                   text47       000000
__Ltext48                   text48       000000
__Ltext49                   text49       000000
__Ltext5                    text5        000000
__Ltext50                   text50       000000
__Ltext51                   text51       000000
__Ltext52                   text52       000000
__Ltext53                   text53       000000
__Ltext54                   text54       000000
__Ltext55                   text55       000000
__Ltext56                   text56       000000
__Ltext57                   text57       000000
__Ltext58                   text58       000000
__Ltext59                   text59       000000
__Ltext6                    text6        000000
__Ltext60                   text60       000000
__Ltext61                   text61       000000
__Ltext62                   text62       000000
__Ltext63                   text63       000000
__Ltext64                   text64       000000
__Ltext65                   text65       000000
__Ltext66                   text66       000000
__Ltext67                   text67       000000
__Ltext68                   text68       000000
__Ltext69                   text69       000000
__Ltext7                    text7        000000
__Ltext70                   text70       000000
__Ltext71                   text71       000000
__Ltext72                   text72       000000
__Ltext73                   text73       000000
__Ltext74                   text74       000000
__Ltext75                   text75       000000
__Ltext76                   text76       000000
__Ltext77                   text77       000000
__Ltext78                   text78       000000
__Ltext8                    text8        000000
__Ltext80                   text80       000000
__Ltext81                   text81       000000
__Ltext9                    text9        000000
__S0                        (abs)        002000
__S1                        (abs)        0001C3
__S4                        (abs)        000000
__S5                        (abs)        000000
___heap_hi                  (abs)        000000
___heap_lo                  (abs)        000000
___inthi_sp                 stack        000000
___intlo_sp                 stack        000000
___param_bank               (abs)        000000
___rparam_used              (abs)        000001
___sp                       stack        000000
___wmul                     text62       0019FC
___wmul@multiplicand        cstackCOMRAM 000067
___wmul@multiplier          cstackCOMRAM 000065
___wmul@product             cstackCOMRAM 000069
__accesstop                 (abs)        000080
__activetblptr              (abs)        000002
__end_ofPL10                text43       000A8A
__end_ofPL100               text1        000F02
__end_ofPL102               text3        0001DC
__end_ofPL104               text40       00050A
__end_ofPL12                text35       0009A6
__end_ofPL14                text43       000A96
__end_ofPL16                text43       000AA2
__end_ofPL18                text43       000AAC
__end_ofPL2                 text42       000746
__end_ofPL20                text69       000C54
__end_ofPL22                text40       0004F2
__end_ofPL24                text71       001914
__end_ofPL26                text16       001702
__end_ofPL28                text25       00062C
__end_ofPL30                text4        000D1E
__end_ofPL32                text60       000880
__end_ofPL34                text80       0012AC
__end_ofPL36                text49       00193C
__end_ofPL38                text40       000502
__end_ofPL4                 text42       000750
__end_ofPL40                text74       0018E2
__end_ofPL42                text46       001836
__end_ofPL44                text41       00037A
__end_ofPL46                text75       00122E
__end_ofPL48                text3        0001D4
__end_ofPL50                text50       00196C
__end_ofPL52                text49       001944
__end_ofPL54                text19       000F82
__end_ofPL56                text42       000772
__end_ofPL58                text27       000B88
__end_ofPL6                 text42       00075A
__end_ofPL60                text26       001134
__end_ofPL62                text19       000F8E
__end_ofPL64                text25       000638
__end_ofPL66                text47       001028
__end_ofPL68                text19       000F9A
__end_ofPL70                text48       001316
__end_ofPL72                text45       000E68
__end_ofPL74                text50       001974
__end_ofPL76                text25       000642
__end_ofPL78                text60       00088A
__end_ofPL8                 text42       000768
__end_ofPL80                text60       000894
__end_ofPL82                text77       00144A
__end_ofPL84                text46       001840
__end_ofPL86                text75       001238
__end_ofPL88                text26       00113E
__end_ofPL90                text47       001032
__end_ofPL92                text78       0014B0
__end_ofPL94                text9        001BFE
__end_ofPL96                text21       0018AE
__end_ofPL98                text60       00089C
__end_of_CantaData          text46       001828
__end_of_CantaIR            text76       001B3A
__end_of_CantaPartAlta      text78       0014A6
__end_of_CantaPartBaixa     text77       001440
__end_of_EscriuPrimeraOrdre text75       001220
__end_of_Espera             text72       0019FC
__end_of_LcClear            text65       001BC4
__end_of_LcCursorOn         text66       001C8E
__end_of_LcGotoXY           text45       000E5E
__end_of_LcInit             text69       000C48
__end_of_LcPutChar          text44       00161A
__end_of_MENU1_LOG          mediumconst  001FF5
__end_of_MENU2_END          mediumconst  001F82
__end_of_MENU2_MODIFY       mediumconst  001FB0
__end_of_MENU2_PLAY         mediumconst  001FC7
__end_of_MENU2_START        mediumconst  001FDE
__end_of_MENU2_TIME         mediumconst  001F99
__end_of_NOTHING            mediumconst  001F6B
__end_of_RSI_High           intcode      000034
__end_of_RSI_Timer0         text80       00129C
__end_of_SHOW_CURR_TIME     mediumconst  001F26
__end_of_SHOW_MODY_TIME     mediumconst  001F3D
__end_of_SHOW_RECORDING     mediumconst  001F54
__end_of_TiGetTics          text74       0018D2
__end_of_TiGetTimer         text71       001904
__end_of_TiInit             text68       001878
__end_of_TiResetTics        text73       001C46
__end_of_WaitForBusy        text70       001808
__end_of___wmul             text62       001A22
__end_of__initialization    cinit        00165E
__end_of_actHora            text53       001BAE
__end_of_activaRecording    text20       001CA2
__end_of_activeWritting     text34       001CAE
__end_of_changeJoystick     text58       001B6A
__end_of_changeMenu         text33       001BD8
__end_of_changeMode         text31       001C22
__end_of_changePos          text55       000DCA
__end_of_checkFila          text24       0019D0
__end_of_checkKey           text23       001748
__end_of_cleanMarquesina    text64       001C34
__end_of_cleanPortName      text21       0018A8
__end_of_emptyRec           text18       001C9C
__end_of_enterMode          text14       0013E4
__end_of_enviaDada          text19       000F78
__end_of_enviaMostra        text39       001BEC
__end_of_getNT              text57       001CBA
__end_of_getPT              text56       001CB6
__end_of_initADC            text67       001A48
__end_of_initCentral        text17       001AAA
__end_of_initHora           text13       00178A
__end_of_initMenu           text63       0017CA
__end_of_initROM            text60       000870
__end_of_initSIO            text16       0016EA
__end_of_initSMS            text22       001B98
__end_of_initSound          text15       0019A2
__end_of_initTeclat         text59       001B82
__end_of_key2               mediumconst  001F0F
__end_of_key3               mediumconst  001F0B
__end_of_key4               mediumconst  001F07
__end_of_key5               mediumconst  001F03
__end_of_key6               mediumconst  001EFF
__end_of_key7               mediumconst  001EF7
__end_of_key8               mediumconst  001EFB
__end_of_key9               mediumconst  001EF2
__end_of_main               text0        001570
__end_of_manageKey          text7        0010C0
__end_of_manageKeySMS       text3        0001CC
__end_of_manageLetter       text5        0015C6
__end_of_manageMinutes      text50       001964
__end_of_manageRepeat       text6        001C56
__end_of_manageSegons       text49       001934
__end_of_modifyHora         text4        000D12
__end_of_motorADC           text54       0011BC
__end_of_motorHora          text48       00130C
__end_of_motorMelody        text47       00101C
__end_of_motorMenu          text40       0004D0
__end_of_motorMicro         text37       0016BC
__end_of_motorROM           text35       000976
__end_of_motorRX            text27       000B7C
__end_of_motorSound         text26       001128
__end_of_motorTX            text25       00061A
__end_of_motorTeclat        text1        000EFC
__end_of_newHora            text51       001B1E
__end_of_playMelody         text30       001B02
__end_of_pressSound         text12       001B52
__end_of_printLetter        text11       001C10
__end_of_readEEPROM         text61       001C76
__end_of_saveLetter         text10       001C66
__end_of_selectSound        text9        001BF8
__end_of_sendSound          text38       001C84
__end_of_setMode            text32       001C96
__end_of_showLCD            text43       000A7A
__end_of_showLCD_Marq       text42       00072E
__end_of_showLCD_Records    text41       000372
__end_of_updateHora         text52       001AE6
__end_of_updateNT           text29       001CB2
__end_of_updatePT           text28       001CA8
__end_of_whichKey           text2        00137E
__end_of_writeEEPROM        text36       001AC8
__end_of_writeName          text8        001A8C
__end_ofi2___wmul           text81       001A6E
__initialization            cinit        00161A
__mediumconst               mediumconst  001EEC
__pbssBANK0                 bssBANK0     0000E4
__pbssBANK1                 bssBANK1     000100
__pbssCOMRAM                bssCOMRAM    000001
__pcinit                    cinit        00161A
__pcstackBANK1              cstackBANK1  0001B0
__pcstackCOMRAM             cstackCOMRAM 00005A
__pdataBANK0                dataBANK0    000080
__pidataBANK0               idataBANK0   0014B0
__pintcode                  intcode      000008
__pmediumconst              mediumconst  001EEC
__ptext0                    text0        001514
__ptext1                    text1        000E68
__ptext10                   text10       001C56
__ptext11                   text11       001BFE
__ptext12                   text12       001B3A
__ptext13                   text13       001748
__ptext14                   text14       00137E
__ptext15                   text15       001974
__ptext16                   text16       0016BC
__ptext17                   text17       001A8C
__ptext18                   text18       001C96
__ptext19                   text19       000F02
__ptext2                    text2        001316
__ptext20                   text20       001C9C
__ptext21                   text21       001878
__ptext22                   text22       001B82
__ptext23                   text23       001702
__ptext24                   text24       0019A2
__ptext25                   text25       00050A
__ptext26                   text26       0010C0
__ptext27                   text27       000AAC
__ptext28                   text28       001CA2
__ptext29                   text29       001CAE
__ptext3                    text3        000038
__ptext30                   text30       001AE6
__ptext31                   text31       001C10
__ptext32                   text32       001C8E
__ptext33                   text33       001BC4
__ptext34                   text34       001CA8
__ptext35                   text35       00089C
__ptext36                   text36       001AAA
__ptext37                   text37       00166C
__ptext38                   text38       001C76
__ptext39                   text39       001BD8
__ptext4                    text4        000C54
__ptext40                   text40       00037A
__ptext41                   text41       0001DC
__ptext42                   text42       000642
__ptext43                   text43       0009A6
__ptext44                   text44       0015C6
__ptext45                   text45       000DCA
__ptext46                   text46       001808
__ptext47                   text47       000F9A
__ptext48                   text48       0012AC
__ptext49                   text49       001914
__ptext5                    text5        001570
__ptext50                   text50       001944
__ptext51                   text51       001B02
__ptext52                   text52       001AC8
__ptext53                   text53       001B98
__ptext54                   text54       00113E
__ptext55                   text55       000D1E
__ptext56                   text56       001CB2
__ptext57                   text57       001CB6
__ptext58                   text58       001B52
__ptext59                   text59       001B6A
__ptext6                    text6        001C46
__ptext60                   text60       000772
__ptext61                   text61       001C66
__ptext62                   text62       0019FC
__ptext63                   text63       00178A
__ptext64                   text64       001C22
__ptext65                   text65       001BAE
__ptext66                   text66       001C84
__ptext67                   text67       001A22
__ptext68                   text68       001840
__ptext69                   text69       000B88
__ptext7                    text7        001032
__ptext70                   text70       0017CA
__ptext71                   text71       0018E2
__ptext72                   text72       0019D0
__ptext73                   text73       001C34
__ptext74                   text74       0018AE
__ptext75                   text75       0011BC
__ptext76                   text76       001B1E
__ptext77                   text77       0013E4
__ptext78                   text78       00144A
__ptext8                    text8        001A6E
__ptext80                   text80       001238
__ptext81                   text81       001A48
__ptext9                    text9        001BEC
__ramtop                    ramtop       000200
__smallconst                smallconst   000000
_actHora                    text53       001B98
_action                     bssCOMRAM    000029
_activaRecording            text20       001C9C
_activeWritting             text34       001CA8
_addr                       bssCOMRAM    000031
_caseMenu                   bssCOMRAM    00003B
_changeJoystick             text58       001B52
_changeMenu                 text33       001BC4
_changeMode                 text31       001C10
_changePos                  text55       000D1E
_checkFila                  text24       0019A2
_checkKey                   text23       001702
_cleanMarquesina            text64       001C22
_cleanPortName              text21       001878
_columna                    bssCOMRAM    000011
_count                      bssCOMRAM    000046
_countChar                  bssCOMRAM    000020
_countTime                  bssCOMRAM    000001
_counter                    bssCOMRAM    000032
_counter@TiTTimer$F1024     bssCOMRAM    00000B
_empty                      bssCOMRAM    000039
_emptyRec                   text18       001C96
_enterMode                  text14       00137E
_enviaDada                  text19       000F02
_enviaMostra                text39       001BD8
_enviaNom                   bssCOMRAM    000028
_extraPos                   bssCOMRAM    000038
_fila                       bssCOMRAM    000012
_finalMarq                  bssCOMRAM    000034
_finalMarq2                 bssCOMRAM    000033
_flying                     bssCOMRAM    000024
_getNT                      text57       001CB6
_getPT                      text56       001CB2
_h_Tics                     bssCOMRAM    00000D
_i                          bssCOMRAM    000027
_index1                     bssCOMRAM    00002C
_initADC                    text67       001A22
_initCentral                text17       001A8C
_initHora                   text13       001748
_initMenu                   text63       00178A
_initROM                    text60       000772
_initSIO                    text16       0016BC
_initSMS                    text22       001B82
_initSound                  text15       001974
_initTeclat                 text59       001B6A
_k                          bssCOMRAM    000030
_key0                       dataBANK0    000084
_key1                       dataBANK0    000080
_key2                       mediumconst  001F0B
_key3                       mediumconst  001F07
_key4                       mediumconst  001F03
_key5                       mediumconst  001EFF
_key6                       mediumconst  001EFB
_key7                       mediumconst  001EF2
_key8                       mediumconst  001EF7
_key9                       mediumconst  001EED
_keyDetected                bssCOMRAM    000013
_main                       text0        001514
_manageKey                  text7        001032
_manageKeySMS               text3        000038
_manageLetter               text5        001570
_manageMinutes              text50       001944
_manageRepeat               text6        001C46
_manageSegons               text49       001914
_melody                     bssCOMRAM    000018
_mode                       bssCOMRAM    000045
_modifyHora                 text4        000C54
_motorADC                   text54       00113E
_motorHora                  text48       0012AC
_motorMelody                text47       000F9A
_motorMenu                  text40       00037A
_motorMicro                 text37       00166C
_motorROM                   text35       00089C
_motorRX                    text27       000AAC
_motorSound                 text26       0010C0
_motorTX                    text25       00050A
_motorTeclat                text1        000E68
_move                       bssCOMRAM    000049
_n                          bssCOMRAM    000043
_nTotal                     bssCOMRAM    00002E
_newHora                    text51       001B02
_nota                       bssCOMRAM    00001A
_ok                         bssCOMRAM    000025
_p                          bssCOMRAM    000041
_pit                        bssCOMRAM    00002D
_playMelody                 text30       001AE6
_portName                   bssCOMRAM    000056
_posJoystick                bssCOMRAM    000044
_posLCD                     bssCOMRAM    00003A
_posMax                     bssCOMRAM    000037
_posMin                     bssCOMRAM    000036
_posMin2                    bssCOMRAM    000035
_pressSound                 text12       001B3A
_prevKey                    bssCOMRAM    00001F
_printLetter                text11       001BFE
_readEEPROM                 text61       001C66
_recording                  bssCOMRAM    000042
_recordings                 bssBANK1     000160
_rep                        bssCOMRAM    00001E
_s                          bssCOMRAM    000026
_s_Timers                   bssBANK1     000100
_saveLetter                 text10       001C56
_selectSound                text9        001BEC
_send                       bssCOMRAM    00002A
_sendName                   bssBANK0     0000E4
_sendSound                  text38       001C76
_setMode                    text32       001C8E
_showLCD                    text43       0009A6
_showLCD$1118               cstackBANK1  0001B9
_showLCD$1119               cstackBANK1  0001BB
_showLCD_Marq               text42       000642
_showLCD_Records            text41       0001DC
_showTime                   bssBANK0     0000E9
_sound                      bssCOMRAM    000019
_startTime                  bssCOMRAM    00003F
_state                      bssCOMRAM    000014
_t                          bssCOMRAM    000006
_time                       bssCOMRAM    000050
_timer                      bssCOMRAM    000040
_timer2                     bssCOMRAM    00003C
_timer2@TSound$F1622        bssCOMRAM    00001C
_timer3                     bssCOMRAM    00001B
_timer@TMenu$F1082          bssCOMRAM    00003D
_timer@TSms$F1539           bssCOMRAM    000021
_timer@TSound$F1621         bssCOMRAM    00001D
_timer@TTeclat$F1784        bssCOMRAM    000015
_timerADC                   bssCOMRAM    00004B
_timerMicro                 bssCOMRAM    00004A
_updateHora                 text52       001AC8
_updateNT                   text29       001CAE
_updatePT                   text28       001CA2
_whichKey                   text2        001316
_writeEEPROM                text36       001AAA
_writeName                  text8        001A6E
_writting                   bssCOMRAM    00002F
actHora@hora                cstackCOMRAM 000066
actHora@pos                 cstackCOMRAM 000067
btemp                       temp         000074
changeJoystick@pos          cstackCOMRAM 000065
changeMenu@mode             cstackCOMRAM 000072
changeMode@u                cstackCOMRAM 000073
changePos@num               cstackBANK1  0001B7
changePos@num2              cstackBANK1  0001B8
changePos@pos               cstackBANK1  0001B9
checkKey@D0                 cstackCOMRAM 00006A
checkKey@D1                 cstackCOMRAM 000066
checkKey@D2                 cstackCOMRAM 000067
checkKey@column             cstackCOMRAM 000069
checkKey@stateAux           cstackCOMRAM 000068
end_of_initialization       cinit        00165E
enviaDada@c                 cstackCOMRAM 000068
enviaDada@info              cstackCOMRAM 000065
enviaMostra@sound           cstackCOMRAM 000065
i2___wmul                   text81       001A48
i2___wmul@multiplicand      cstackCOMRAM 00005C
i2___wmul@multiplier        cstackCOMRAM 00005A
i2___wmul@product           cstackCOMRAM 00005E
initROM@i                   cstackCOMRAM 000070
initROM@i_1234              cstackCOMRAM 000072
initROM@j                   cstackCOMRAM 00006E
int$flags                   temp         000074
intlevel0                   text         000000
intlevel1                   text         000000
intlevel2                   text         000000
intlevel3                   text         000000
isa$std                     (abs)        000001
isa$xinst                   (abs)        000000
manageKey@countChar         cstackBANK1  0001B5
manageKey@key               cstackBANK1  0001B7
manageKey@note              cstackBANK1  0001B6
manageKeySMS@key            cstackBANK1  0001BA
manageLetter@key            cstackCOMRAM 00006D
manageLetter@prevKey        cstackCOMRAM 00006C
manageRepeat@max            cstackCOMRAM 000065
manageRepeat@rep            cstackCOMRAM 000066
modifyHora@num              cstackBANK1  0001B7
motorADC@state              bssCOMRAM    000048
motorHora@state             bssCOMRAM    00003E
motorMelody@state2          bssCOMRAM    000016
motorMicro@states           bssCOMRAM    000047
motorROM@stateROM           bssCOMRAM    00002B
motorRX@info                bssCOMRAM    000023
motorRX@num                 cstackBANK1  0001B2
motorSound@state            bssCOMRAM    000017
motorTX@num                 cstackBANK1  0001B2
motorTX@state               bssCOMRAM    000022
newHora@hora                cstackCOMRAM 00006B
newHora@mod                 cstackCOMRAM 00006C
newHora@pos                 cstackCOMRAM 00006D
pressSound@tono             cstackCOMRAM 000066
printLetter@finalKey        cstackCOMRAM 000072
printLetter@posY            cstackCOMRAM 000071
readEEPROM@addr             cstackCOMRAM 000065
saveLetter@countChar        cstackCOMRAM 000065
saveLetter@key              cstackCOMRAM 000066
selectSound@ind             cstackCOMRAM 000065
sendSound@sound             cstackCOMRAM 000066
setMode@m                   cstackCOMRAM 000065
showLCD@message1            cstackBANK1  0001B5
showLCD@message2            cstackBANK1  0001B7
showLCD_Marq@message1       cstackBANK1  0001B5
showLCD_Marq@message2       cstackBANK1  0001B7
showLCD_Records@message11   cstackBANK1  0001B5
showLCD_Records@message12   cstackBANK1  0001B7
showLCD_Records@message21   cstackBANK1  0001B9
showLCD_Records@message22   cstackBANK1  0001BB
stackhi                     (abs)        000000
stacklo                     (abs)        000000
start                       init         000034
start_initialization        cinit        00161A
ttemp5                      temp         000075
ttemp6                      temp         000078
ttemp7                      temp         00007C
updateHora@hora             cstackCOMRAM 000068
updateHora@mod              cstackCOMRAM 000069
updateHora@pos              cstackCOMRAM 00006A
writeEEPROM@addr            cstackCOMRAM 000066
writeEEPROM@data            cstackCOMRAM 000065
writeName@towerName         cstackCOMRAM 000065
wtemp8                      temp         000075


Symbols cached in RAM

_NOTHING2                   23          
_EMPTY                      23          
_EMPTY2                     23          
_key0                       4           
_key1                       4           

Total: 77 bytes


MODULE INFORMATION

Module		Function		Class		Link	Load	Size
TMenu.c
		_showLCD_Records		CODE           	01DC	0000	406
		_cleanPortName 		CODE           	1878	0000	48
		_writeName     		CODE           	1A6E	0000	30
		_printLetter   		CODE           	1BFE	0000	18
		_showLCD       		CODE           	09A6	0000	212
		_changeMenu    		CODE           	1BC4	0000	20
		_showLCD_Marq  		CODE           	0642	0000	236
		_updateHora    		CODE           	1AC8	0000	30
		_changeJoystick		CODE           	1B52	0000	24
		_initMenu      		CODE           	178A	0000	64
		_motorMenu     		CODE           	037A	0000	342
		_emptyRec      		CODE           	1C96	0000	6
		_cleanMarquesina		CODE           	1C22	0000	18

TMenu.c estimated size: 1454

TSIO.c
		_setMode       		CODE           	1C8E	0000	8
		_enviaMostra   		CODE           	1BD8	0000	20
		_motorTX       		CODE           	050A	0000	272
		_enviaDada     		CODE           	0F02	0000	118
		_motorRX       		CODE           	0AAC	0000	208
		_initSIO       		CODE           	16BC	0000	46
		_selectSound   		CODE           	1BEC	0000	12
		_activaRecording		CODE           	1C9C	0000	6

TSIO.c estimated size: 690

TRom.c
		_updatePT      		CODE           	1CA2	0000	6
		_initROM       		CODE           	0772	0000	254
		_motorROM      		CODE           	089C	0000	218
		_activeWritting		CODE           	1CA8	0000	6
		_getNT         		CODE           	1CB6	0000	4
		_getPT         		CODE           	1CB2	0000	4
		_updateNT      		CODE           	1CAE	0000	4
		_readEEPROM    		CODE           	1C66	0000	16
		_writeEEPROM   		CODE           	1AAA	0000	30

TRom.c estimated size: 542

TADC.c
		_motorMicro    		CODE           	166C	0000	80
		_initADC       		CODE           	1A22	0000	38
		_motorADC      		CODE           	113E	0000	126

TADC.c estimated size: 244

TSms.c
		_manageLetter  		CODE           	1570	0000	86
		_manageRepeat  		CODE           	1C46	0000	16
		_manageKeySMS  		CODE           	0038	0000	404
		_initSMS       		CODE           	1B82	0000	22

TSms.c estimated size: 528

LcTLCD.c
		_LcPutChar     		CODE           	15C6	0000	84
		_EscriuPrimeraOrdre		CODE           	11BC	0000	100
		_WaitForBusy   		CODE           	17CA	0000	62
		_LcGotoXY      		CODE           	0DCA	0000	148
		_LcClear       		CODE           	1BAE	0000	22
		_CantaData     		CODE           	1808	0000	32
		_LcCursorOn    		CODE           	1C84	0000	10
		_LcInit        		CODE           	0B88	0000	192
		_CantaPartAlta 		CODE           	144A	0000	92
		_Espera        		CODE           	19D0	0000	44
		_CantaIR       		CODE           	1B1E	0000	28
		_CantaPartBaixa		CODE           	13E4	0000	92

LcTLCD.c estimated size: 906

TiTTimer.c
		_TiGetTics     		CODE           	18AE	0000	36
		_TiGetTimer    		CODE           	18E2	0000	34
		_RSI_Timer0    		CODE           	1238	0000	100
		_TiInit        		CODE           	1840	0000	56
		_TiResetTics   		CODE           	1C34	0000	18

TiTTimer.c estimated size: 244

shared
		PL12           		CODE           	0976	0000	48
		PL50           		CODE           	1964	0000	8
		PL8            		CODE           	075A	0000	14
		PL22           		CODE           	04D0	0000	34
		PL60           		CODE           	1128	0000	12
		PL100          		CODE           	0EFC	0000	6
		PL32           		CODE           	0870	0000	16
		PL70           		CODE           	130C	0000	10
		_key4          		MEDIUMCONST    	1F03	0000	4
		PL42           		CODE           	1828	0000	14
		PL80           		CODE           	088A	0000	10
		PL14           		CODE           	0A8A	0000	12
		PL52           		CODE           	193C	0000	8
		PL90           		CODE           	1028	0000	10
		PL24           		CODE           	1904	0000	16
		PL62           		CODE           	0F82	0000	12
		_MENU2_TIME    		MEDIUMCONST    	1F82	0000	23
		PL34           		CODE           	129C	0000	16
		PL72           		CODE           	0E5E	0000	10
		_key5          		MEDIUMCONST    	1EFF	0000	4
		PL44           		CODE           	0372	0000	8
		PL82           		CODE           	1440	0000	10
		PL16           		CODE           	0A96	0000	12
		PL54           		CODE           	0F78	0000	10
		PL92           		CODE           	14A6	0000	10
		PL26           		CODE           	16EA	0000	24
		PL64           		CODE           	062C	0000	12
		PL102          		CODE           	01D4	0000	8
		PL36           		CODE           	1934	0000	8
		PL74           		CODE           	196C	0000	8
		_key6          		MEDIUMCONST    	1EFB	0000	4
		PL46           		CODE           	1220	0000	14
		PL84           		CODE           	1836	0000	10
		PL18           		CODE           	0AA2	0000	10
		PL56           		CODE           	0768	0000	10
		PL94           		CODE           	1BF8	0000	6
		PL28           		CODE           	061A	0000	18
		PL66           		CODE           	101C	0000	12
		PL38           		CODE           	04F2	0000	16
		PL76           		CODE           	0638	0000	10
		_key7          		MEDIUMCONST    	1EF2	0000	5
		PL48           		CODE           	01CC	0000	8
		PL86           		CODE           	122E	0000	10
		_MENU2_MODIFY  		MEDIUMCONST    	1F99	0000	23
		PL58           		CODE           	0B7C	0000	12
		PL96           		CODE           	18A8	0000	6
		_MENU2_PLAY    		MEDIUMCONST    	1FB0	0000	23
		PL68           		CODE           	0F8E	0000	12
		PL104          		CODE           	0502	0000	8
		PL78           		CODE           	0880	0000	10
		_key8          		MEDIUMCONST    	1EF7	0000	4
		i2___wmul      		CODE           	1A48	0000	38
		PL88           		CODE           	1134	0000	10
		PL98           		CODE           	0894	0000	8
		_MENU1_LOG     		MEDIUMCONST    	1FDE	0000	23
		_SHOW_CURR_TIME		MEDIUMCONST    	1F0F	0000	23
		_MENU2_START   		MEDIUMCONST    	1FC7	0000	23
		_key9          		MEDIUMCONST    	1EED	0000	5
		__initialization		CODE           	161A	0000	68
		_SHOW_RECORDING		MEDIUMCONST    	1F3D	0000	23
		_NOTHING       		MEDIUMCONST    	1F54	0000	23
		_SHOW_MODY_TIME		MEDIUMCONST    	1F26	0000	23
		_MENU2_END     		MEDIUMCONST    	1F6B	0000	23
		PL2            		CODE           	072E	0000	24
		_key2          		MEDIUMCONST    	1F0B	0000	4
		PL10           		CODE           	0A7A	0000	16
		PL4            		CODE           	0746	0000	10
		PL20           		CODE           	0C48	0000	12
		PL30           		CODE           	0D12	0000	12
		PL6            		CODE           	0750	0000	10
		_key3          		MEDIUMCONST    	1F07	0000	4
		PL40           		CODE           	18D2	0000	16

shared estimated size: 1026

TTeclat.c
		_motorTeclat   		CODE           	0E68	0000	148
		_initTeclat    		CODE           	1B6A	0000	24
		_whichKey      		CODE           	1316	0000	104
		_checkKey      		CODE           	1702	0000	70
		_checkFila     		CODE           	19A2	0000	46

TTeclat.c estimated size: 392

main.c
		_main          		CODE           	1514	0000	92
		_RSI_High      		CODE           	0008	0000	44

main.c estimated size: 136

TCentral.c
		_initCentral   		CODE           	1A8C	0000	30
		_changeMode    		CODE           	1C10	0000	18
		_manageKey     		CODE           	1032	0000	142
		_changePos     		CODE           	0D1E	0000	172
		_enterMode     		CODE           	137E	0000	102
		_modifyHora    		CODE           	0C54	0000	190
		_sendSound     		CODE           	1C76	0000	14
		_newHora       		CODE           	1B02	0000	28
		_saveLetter    		CODE           	1C56	0000	16

TCentral.c estimated size: 712

C:\Program Files\Microchip\xc8\v2.36\pic\sources\c99\common\Umul16.c
		___wmul        		CODE           	19FC	0000	38

C:\Program Files\Microchip\xc8\v2.36\pic\sources\c99\common\Umul16.c estimated size: 38

THora.c
		_manageSegons  		CODE           	1914	0000	32
		_initHora      		CODE           	1748	0000	66
		_actHora       		CODE           	1B98	0000	22
		_motorHora     		CODE           	12AC	0000	96
		_manageMinutes 		CODE           	1944	0000	32

THora.c estimated size: 248

TSound.c
		_initSound     		CODE           	1974	0000	46
		_playMelody    		CODE           	1AE6	0000	28
		_pressSound    		CODE           	1B3A	0000	24
		_motorSound    		CODE           	10C0	0000	104
		_motorMelody   		CODE           	0F9A	0000	130

TSound.c estimated size: 332

